
> frontend@0.0.0 build
> tsc -b && vite build

[36mvite v7.3.1 [32mbuilding client environment for production...[36m[39m
transforming...
Found 1 warning while optimizing generated CSS:

[2m│ @layer button {[22m
[2m│   cursor: pointer;[22m
[2m│[22m }
[2m┆[22m [33m[2m^--[22m Unexpected end of input[39m
[2m┆[22m
[2m│ @property --tw-translate-x {[22m
[2m│   syntax: "*";[22m

[33m"prop-types" is imported by " prop-types?commonjs-external", but could not be resolved – treating it as an external dependency.[39m
[32m✓[39m 2264 modules transformed.
[31m✗[39m Build failed in 3.58s
[31merror during build:
[31m[vite]: Rollup failed to resolve import "react-is" from "E:/Website/Dahar Engineer Admin/node_modules/recharts/es6/util/ReactUtils.js".
This is most likely unintended because it can break your application at runtime.
If you do want to externalize this module explicitly add it to
`build.rollupOptions.external`[31m
    at viteLog (file:///E:/Website/Dahar%20Engineer%20Admin/node_modules/vite/dist/node/chunks/config.js:33635:57)
    at file:///E:/Website/Dahar%20Engineer%20Admin/node_modules/vite/dist/node/chunks/config.js:33669:73
    at onwarn (file:///E:/Website/Dahar%20Engineer%20Admin/node_modules/@vitejs/plugin-react/dist/index.js:76:7)
    at file:///E:/Website/Dahar%20Engineer%20Admin/node_modules/vite/dist/node/chunks/config.js:33669:28
    at onRollupLog (file:///E:/Website/Dahar%20Engineer%20Admin/node_modules/vite/dist/node/chunks/config.js:33664:63)
    at onLog (file:///E:/Website/Dahar%20Engineer%20Admin/node_modules/vite/dist/node/chunks/config.js:33467:4)
    at file:///E:/Website/Dahar%20Engineer%20Admin/node_modules/rollup/dist/es/shared/node-entry.js:20981:32
    at Object.logger [as onLog] (file:///E:/Website/Dahar%20Engineer%20Admin/node_modules/rollup/dist/es/shared/node-entry.js:22968:9)
    at ModuleLoader.handleInvalidResolvedId (file:///E:/Website/Dahar%20Engineer%20Admin/node_modules/rollup/dist/es/shared/node-entry.js:21712:26)
    at file:///E:/Website/Dahar%20Engineer%20Admin/node_modules/rollup/dist/es/shared/node-entry.js:21670:26[39m
